Archive member included to satisfy reference by file (symbol)

c:/qmk_msys/mingw64/bin/../lib/gcc/avr/8.5.0/../../../../avr/lib/avr5\libm.a(fixunssfsi.o)
                              .build/obj_my65_default/protocol/host.o (__fixunssfsi)
c:/qmk_msys/mingw64/bin/../lib/gcc/avr/8.5.0/../../../../avr/lib/avr5\libm.a(fp_split3.o)
                              c:/qmk_msys/mingw64/bin/../lib/gcc/avr/8.5.0/../../../../avr/lib/avr5\libm.a(fixunssfsi.o) (__fp_splitA)
c:/qmk_msys/mingw64/bin/../lib/gcc/avr/8.5.0/../../../../avr/lib/avr5\libm.a(fp_zero.o)
                              c:/qmk_msys/mingw64/bin/../lib/gcc/avr/8.5.0/../../../../avr/lib/avr5\libm.a(fixunssfsi.o) (__fp_zero)
c:/qmk_msys/mingw64/bin/../lib/gcc/avr/8.5.0/../../../../avr/lib/avr5\libm.a(mulsf3.o)
                              .build/obj_my65_default/protocol/host.o (__mulsf3)
c:/qmk_msys/mingw64/bin/../lib/gcc/avr/8.5.0/../../../../avr/lib/avr5\libm.a(mulsf3x.o)
                              c:/qmk_msys/mingw64/bin/../lib/gcc/avr/8.5.0/../../../../avr/lib/avr5\libm.a(mulsf3.o) (__mulsf3x)
c:/qmk_msys/mingw64/bin/../lib/gcc/avr/8.5.0/../../../../avr/lib/avr5\libm.a(fp_inf.o)
                              c:/qmk_msys/mingw64/bin/../lib/gcc/avr/8.5.0/../../../../avr/lib/avr5\libm.a(mulsf3x.o) (__fp_inf)
c:/qmk_msys/mingw64/bin/../lib/gcc/avr/8.5.0/../../../../avr/lib/avr5\libm.a(fp_nan.o)
                              c:/qmk_msys/mingw64/bin/../lib/gcc/avr/8.5.0/../../../../avr/lib/avr5\libm.a(mulsf3x.o) (__fp_nan)
c:/qmk_msys/mingw64/bin/../lib/gcc/avr/8.5.0/../../../../avr/lib/avr5\libm.a(fp_pscA.o)
                              c:/qmk_msys/mingw64/bin/../lib/gcc/avr/8.5.0/../../../../avr/lib/avr5\libm.a(mulsf3x.o) (__fp_pscA)
c:/qmk_msys/mingw64/bin/../lib/gcc/avr/8.5.0/../../../../avr/lib/avr5\libm.a(fp_pscB.o)
                              c:/qmk_msys/mingw64/bin/../lib/gcc/avr/8.5.0/../../../../avr/lib/avr5\libm.a(mulsf3x.o) (__fp_pscB)
c:/qmk_msys/mingw64/bin/../lib/gcc/avr/8.5.0/../../../../avr/lib/avr5\libm.a(fp_round.o)
                              c:/qmk_msys/mingw64/bin/../lib/gcc/avr/8.5.0/../../../../avr/lib/avr5\libm.a(mulsf3.o) (__fp_round)
c:/qmk_msys/mingw64/bin/../lib/gcc/avr/8.5.0/avr5\libgcc.a(_udivmodqi4.o)
                              .build/obj_my65_default/lufa.o (__udivmodqi4)
c:/qmk_msys/mingw64/bin/../lib/gcc/avr/8.5.0/avr5\libgcc.a(_divmodhi4.o)
                              .build/obj_my65_default/quantum/mousekey.o (__divmodhi4)
c:/qmk_msys/mingw64/bin/../lib/gcc/avr/8.5.0/avr5\libgcc.a(_udivmodsi4.o)
                              .build/obj_my65_default/quantum/quantum.o (__udivmodsi4)
c:/qmk_msys/mingw64/bin/../lib/gcc/avr/8.5.0/avr5\libgcc.a(_exit.o)
                              c:/qmk_msys/mingw64/bin/../lib/gcc/avr/8.5.0/../../../../avr/lib/avr5/crtatmega32u4.o (exit)
c:/qmk_msys/mingw64/bin/../lib/gcc/avr/8.5.0/avr5\libgcc.a(_tablejump2.o)
                              .build/obj_my65_default/quantum/action.o (__tablejump2__)
c:/qmk_msys/mingw64/bin/../lib/gcc/avr/8.5.0/avr5\libgcc.a(_copy_data.o)
                              .build/obj_my65_default/quantum/quantum.o (__do_copy_data)
c:/qmk_msys/mingw64/bin/../lib/gcc/avr/8.5.0/avr5\libgcc.a(_clear_bss.o)
                              .build/obj_my65_default/quantum/quantum.o (__do_clear_bss)
c:/qmk_msys/mingw64/bin/../lib/gcc/avr/8.5.0/avr5\libgcc.a(_bswapsi2.o)
                              .build/obj_my65_default/quantum/via.o (__bswapsi2)
c:/qmk_msys/mingw64/bin/../lib/gcc/avr/8.5.0/avr5\libgcc.a(_prologue.o)
                              .build/obj_my65_default/quantum/quantum.o (__prologue_saves__)
c:/qmk_msys/mingw64/bin/../lib/gcc/avr/8.5.0/avr5\libgcc.a(_epilogue.o)
                              .build/obj_my65_default/quantum/quantum.o (__epilogue_restores__)
c:/qmk_msys/mingw64/bin/../lib/gcc/avr/8.5.0/avr5\libgcc.a(_udivmodhi4.o)
                              c:/qmk_msys/mingw64/bin/../lib/gcc/avr/8.5.0/avr5\libgcc.a(_divmodhi4.o) (__udivmodhi4)
c:/qmk_msys/mingw64/bin/../lib/gcc/avr/8.5.0/../../../../avr/lib/avr5\libc.a(memcmp.o)
                              .build/obj_my65_default/quantum/action_util.o (memcmp)
c:/qmk_msys/mingw64/bin/../lib/gcc/avr/8.5.0/../../../../avr/lib/avr5\libc.a(memcpy.o)
                              .build/obj_my65_default/quantum/debounce/sym_defer_g.o (memcpy)
c:/qmk_msys/mingw64/bin/../lib/gcc/avr/8.5.0/../../../../avr/lib/avr5\libatmega32u4.a(eerd_byte.o)
                              .build/obj_my65_default/quantum/eeconfig.o (eeprom_read_byte)
c:/qmk_msys/mingw64/bin/../lib/gcc/avr/8.5.0/../../../../avr/lib/avr5\libatmega32u4.a(eerd_dword.o)
                              .build/obj_my65_default/quantum/eeconfig.o (eeprom_read_dword)
c:/qmk_msys/mingw64/bin/../lib/gcc/avr/8.5.0/../../../../avr/lib/avr5\libatmega32u4.a(eerd_word.o)
                              .build/obj_my65_default/quantum/eeconfig.o (eeprom_read_word)
[...]
Memory Configuration

Name             Origin             Length             Attributes
text             0x0000000000000000 0x0000000000020000 xr
data             0x0000000000800060 0x000000000000ffa0 rw !x
eeprom           0x0000000000810000 0x0000000000010000 rw !x
fuse             0x0000000000820000 0x0000000000000003 rw !x
lock             0x0000000000830000 0x0000000000000400 rw !x
signature        0x0000000000840000 0x0000000000000400 rw !x
user_signatures  0x0000000000850000 0x0000000000000400 rw !x
*default*        0x0000000000000000 0xffffffffffffffff

Linker script and memory map

Address of section .data set to 0x800100
LOAD c:/qmk_msys/mingw64/bin/../lib/gcc/avr/8.5.0/../../../../avr/lib/avr5/crtatmega32u4.o
LOAD .build/obj_my65_default/keyboards/my65/my65.o
LOAD .build/obj_my65_default/.build/obj_my65/src/default_keyboard.o
LOAD .build/obj_my65_default/quantum/keymap_introspection.o
LOAD .build/obj_my65_default/quantum/quantum.o
LOAD .build/obj_my65_default/quantum/bitwise.o
LOAD .build/obj_my65_default/quantum/led.o
LOAD .build/obj_my65_default/quantum/action.o
LOAD .build/obj_my65_default/quantum/action_layer.o
LOAD .build/obj_my65_default/quantum/action_tapping.o
LOAD .build/obj_my65_default/quantum/action_util.o
LOAD .build/obj_my65_default/quantum/eeconfig.o
LOAD .build/obj_my65_default/quantum/keyboard.o
LOAD .build/obj_my65_default/quantum/keymap_common.o
LOAD .build/obj_my65_default/quantum/keycode_config.o
LOAD .build/obj_my65_default/quantum/sync_timer.o
LOAD .build/obj_my65_default/quantum/logging/debug.o
LOAD .build/obj_my65_default/quantum/logging/sendchar.o
LOAD .build/obj_my65_default/quantum/bootmagic/bootmagic_lite.o
LOAD .build/obj_my65_default/quantum/bootmagic/magic.o
LOAD .build/obj_my65_default/quantum/matrix_common.o
LOAD .build/obj_my65_default/quantum/matrix.o
LOAD .build/obj_my65_default/quantum/debounce/sym_defer_g.o
LOAD .build/obj_my65_default/quantum/main.o
LOAD .build/obj_my65_default/quantum/mousekey.o
LOAD .build/obj_my65_default/quantum/via.o
LOAD .build/obj_my65_default/quantum/process_keycode/process_magic.o
LOAD .build/obj_my65_default/quantum/send_string/send_string.o
LOAD .build/obj_my65_default/quantum/command.o
LOAD .build/obj_my65_default/quantum/dynamic_keymap.o
LOAD .build/obj_my65_default/quantum/process_keycode/process_grave_esc.o
LOAD .build/obj_my65_default/quantum/process_keycode/process_space_cadet.o
LOAD .build/obj_my65_default/platforms/avr/xprintf.o
LOAD .build/obj_my65_default/platforms/avr/printf.o
LOAD .build/obj_my65_default/protocol/host.o
LOAD .build/obj_my65_default/protocol/report.o
LOAD .build/obj_my65_default/protocol/usb_device_state.o
LOAD .build/obj_my65_default/protocol/usb_util.o
LOAD .build/obj_my65_default/platforms/suspend.o
LOAD .build/obj_my65_default/platforms/avr/hardware_id.o
LOAD .build/obj_my65_default/platforms/avr/platform.o
LOAD .build/obj_my65_default/platforms/avr/suspend.o
LOAD .build/obj_my65_default/platforms/avr/timer.o
LOAD .build/obj_my65_default/platforms/avr/bootloaders/dfu.o
LOAD .build/obj_my65_default/lufa.o
LOAD .build/obj_my65_default/usb_descriptor.o
LOAD .build/obj_my65_default/lib/lufa/LUFA/Drivers/USB/Class/Common/HIDParser.o
LOAD .build/obj_my65_default/lib/lufa/LUFA/Drivers/USB/Core/AVR8/Device_AVR8.o
LOAD .build/obj_my65_default/lib/lufa/LUFA/Drivers/USB/Core/AVR8/EndpointStream_AVR8.o
LOAD .build/obj_my65_default/lib/lufa/LUFA/Drivers/USB/Core/AVR8/Endpoint_AVR8.o
LOAD .build/obj_my65_default/lib/lufa/LUFA/Drivers/USB/Core/AVR8/Host_AVR8.o
LOAD .build/obj_my65_default/lib/lufa/LUFA/Drivers/USB/Core/AVR8/PipeStream_AVR8.o
LOAD .build/obj_my65_default/lib/lufa/LUFA/Drivers/USB/Core/AVR8/Pipe_AVR8.o
LOAD .build/obj_my65_default/lib/lufa/LUFA/Drivers/USB/Core/AVR8/USBController_AVR8.o
LOAD .build/obj_my65_default/lib/lufa/LUFA/Drivers/USB/Core/AVR8/USBInterrupt_AVR8.o
LOAD .build/obj_my65_default/lib/lufa/LUFA/Drivers/USB/Core/ConfigDescriptors.o
LOAD .build/obj_my65_default/lib/lufa/LUFA/Drivers/USB/Core/DeviceStandardReq.o
LOAD .build/obj_my65_default/lib/lufa/LUFA/Drivers/USB/Core/Events.o
LOAD .build/obj_my65_default/lib/lufa/LUFA/Drivers/USB/Core/HostStandardReq.o
LOAD .build/obj_my65_default/lib/lufa/LUFA/Drivers/USB/Core/USBTask.o
LOAD .build/obj_my65_default/protocol/lufa/usb_util.o
LOAD c:/qmk_msys/mingw64/bin/../lib/gcc/avr/8.5.0/../../../../avr/lib/avr5\libm.a
START GROUP
LOAD c:/qmk_msys/mingw64/bin/../lib/gcc/avr/8.5.0/avr5\libgcc.a
LOAD c:/qmk_msys/mingw64/bin/../lib/gcc/avr/8.5.0/../../../../avr/lib/avr5\libm.a
LOAD c:/qmk_msys/mingw64/bin/../lib/gcc/avr/8.5.0/../../../../avr/lib/avr5\libc.a
LOAD c:/qmk_msys/mingw64/bin/../lib/gcc/avr/8.5.0/../../../../avr/lib/avr5\libatmega32u4.a
END GROUP
                0x0000000000020000                __TEXT_REGION_LENGTH__ = DEFINED (__TEXT_REGION_LENGTH__)?__TEXT_REGION_LENGTH__:0x20000
                0x000000000000ffa0                __DATA_REGION_LENGTH__ = DEFINED (__DATA_REGION_LENGTH__)?__DATA_REGION_LENGTH__:0xffa0
                0x0000000000010000                __EEPROM_REGION_LENGTH__ = DEFINED (__EEPROM_REGION_LENGTH__)?__EEPROM_REGION_LENGTH__:0x10000
                [0x0000000000000003]                __FUSE_REGION_LENGTH__ = DEFINED (__FUSE_REGION_LENGTH__)?__FUSE_REGION_LENGTH__:0x400
                0x0000000000000400                __LOCK_REGION_LENGTH__ = DEFINED (__LOCK_REGION_LENGTH__)?__LOCK_REGION_LENGTH__:0x400
                0x0000000000000400                __SIGNATURE_REGION_LENGTH__ = DEFINED (__SIGNATURE_REGION_LENGTH__)?__SIGNATURE_REGION_LENGTH__:0x400
                0x0000000000000400                __USER_SIGNATURE_REGION_LENGTH__ = DEFINED (__USER_SIGNATURE_REGION_LENGTH__)?__USER_SIGNATURE_REGION_LENGTH__:0x400

.hash
 *(.hash)

.dynsym
 *(.dynsym)

.dynstr
 *(.dynstr)

.gnu.version
 *(.gnu.version)

.gnu.version_d
 *(.gnu.version_d)

.gnu.version_r
 *(.gnu.version_r)

.rel.init
 *(.rel.init)

.rela.init
 *(.rela.init)

.rel.text
 *(.rel.text)
 *(.rel.text.*)
 *(.rel.gnu.linkonce.t*)

.rela.text
 *(.rela.text)
 *(.rela.text.*)
 *(.rela.gnu.linkonce.t*)

.rel.fini
 *(.rel.fini)

.rela.fini
 *(.rela.fini)

.rel.rodata
 *(.rel.rodata)
 *(.rel.rodata.*)
 *(.rel.gnu.linkonce.r*)

.rela.rodata
 *(.rela.rodata)
 *(.rela.rodata.*)
 *(.rela.gnu.linkonce.r*)

.rel.data
 *(.rel.data)
 *(.rel.data.*)
 *(.rel.gnu.linkonce.d*)

.rela.data
 *(.rela.data)
 *(.rela.data.*)
 *(.rela.gnu.linkonce.d*)

.rel.ctors
 *(.rel.ctors)

.rela.ctors
 *(.rela.ctors)

.rel.dtors
 *(.rel.dtors)

.rela.dtors
 *(.rela.dtors)

.rel.got
 *(.rel.got)

.rela.got
 *(.rela.got)

.rel.bss
 *(.rel.bss)

.rela.bss
 *(.rela.bss)

.rel.plt
 *(.rel.plt)

.rela.plt
 *(.rela.plt)

.text           0x0000000000000000     0x5996
 *(.vectors)
 .vectors       0x0000000000000000       0xac c:/qmk_msys/mingw64/bin/../lib/gcc/avr/8.5.0/../../../../avr/lib/avr5/crtatmega32u4.o
                0x0000000000000000                __vector_default
                0x0000000000000000                __vectors
 *(.vectors)
 *(.progmem.gcc*)
                0x00000000000000ac                . = ALIGN (0x2)
                0x00000000000000ac                __trampolines_start = .
 *(.trampolines)
 .trampolines   0x00000000000000ac        0x0 linker stubs
 *(.trampolines*)
                0x00000000000000ac                __trampolines_end = .
 *libprintf_flt.a:*(.progmem.data)
 *libc.a:*(.progmem.data)
 *(.progmem.*)
 .progmem.data.keymaps
                0x00000000000000ac       0xc0 .build/obj_my65_default/quantum/keymap_introspection.o
                0x00000000000000ac                keymaps
 .progmem.data.__c.4076
                0x000000000000016c       0x12 .build/obj_my65_default/quantum/quantum.o
 .progmem.data.__c.4074
                0x000000000000017e       0x11 .build/obj_my65_default/quantum/quantum.o
 .progmem.data.__c.2276
                0x000000000000018f        0x2 .build/obj_my65_default/quantum/led.o
 .progmem.data.__c.2274
                0x0000000000000191        0x5 .build/obj_my65_default/quantum/led.o
 .progmem.data.__c.2272
                0x0000000000000196        0xb .build/obj_my65_default/quantum/led.o
 .progmem.data.__c.2866
                0x00000000000001a1       0x15 .build/obj_my65_default/quantum/action_util.o
 .progmem.data.__c.4034
                0x00000000000001b6        0x2 .build/obj_my65_default/quantum/matrix_common.o
 .progmem.data.__c.4032
                0x00000000000001b8        0x6 .build/obj_my65_default/quantum/matrix_common.o
 .progmem.data.__c.4030
                0x00000000000001be        0x3 .build/obj_my65_default/quantum/matrix_common.o
 .progmem.data.__c.4028
                0x00000000000001c1        0x5 .build/obj_my65_default/quantum/matrix_common.o
 .progmem.data.__c.4025
                0x00000000000001c6       0x17 .build/obj_my65_default/quantum/matrix_common.o
 .progmem.data.__c.2461
                0x00000000000001dd        0x3 .build/obj_my65_default/quantum/mousekey.o
 .progmem.data.__c.2459
                0x00000000000001e0        0x3 .build/obj_my65_default/quantum/mousekey.o
 .progmem.data.__c.2457
                0x00000000000001e3        0x2 .build/obj_my65_default/quantum/mousekey.o
 .progmem.data.__c.2455
                0x00000000000001e5        0x3 .build/obj_my65_default/quantum/mousekey.o
 .progmem.data.__c.2453
                0x00000000000001e8        0x3 .build/obj_my65_default/quantum/mousekey.o
 .progmem.data.__c.2451
                0x00000000000001eb        0x3 .build/obj_my65_default/quantum/mousekey.o
 .progmem.data.__c.2449
                0x00000000000001ee        0x2 .build/obj_my65_default/quantum/mousekey.o
 .progmem.data.__c.2447
                0x00000000000001f0        0x3 .build/obj_my65_default/quantum/mousekey.o
 .progmem.data.__c.2445
                0x00000000000001f3        0x2 .build/obj_my65_default/quantum/mousekey.o
 .progmem.data.__c.2443
                0x00000000000001f5        0x3 .build/obj_my65_default/quantum/mousekey.o
 .progmem.data.__c.2441
                0x00000000000001f8        0x2 .build/obj_my65_default/quantum/mousekey.o
 .progmem.data.__c.2439
                0x00000000000001fa        0x3 .build/obj_my65_default/quantum/mousekey.o
 .progmem.data.__c.2437
                0x00000000000001fd        0x2 .build/obj_my65_default/quantum/mousekey.o
 .progmem.data.__c.2435
                0x00000000000001ff        0x5 .build/obj_my65_default/quantum/mousekey.o
 .progmem.data.__c.2433
                0x0000000000000204       0x23 .build/obj_my65_default/quantum/mousekey.o
 .progmem.data.ascii_to_keycode_lut
                0x0000000000000227       0x80 .build/obj_my65_default/quantum/send_string/send_string.o
                0x0000000000000227                ascii_to_keycode_lut
 .progmem.data.ascii_to_dead_lut
                0x00000000000002a7       0x10 .build/obj_my65_default/quantum/send_string/send_string.o
                0x00000000000002a7                ascii_to_dead_lut
 .progmem.data.ascii_to_altgr_lut
                0x00000000000002b7       0x10 .build/obj_my65_default/quantum/send_string/send_string.o
                0x00000000000002b7                ascii_to_altgr_lut
 .progmem.data.ascii_to_shift_lut
                0x00000000000002c7       0x10 .build/obj_my65_default/quantum/send_string/send_string.o
                0x00000000000002c7                ascii_to_shift_lut
 .progmem.data.__c.4149
                0x00000000000002d7       0x7d .build/obj_my65_default/quantum/command.o
 .progmem.data.__c.4154
                0x0000000000000354       0xcc .build/obj_my65_default/quantum/command.o
 .progmem.data.__c.4205
                0x0000000000000420        0x4 .build/obj_my65_default/quantum/command.o
 .progmem.data.__c.4203
                0x0000000000000424        0x9 .build/obj_my65_default/quantum/command.o
 .progmem.data.__c.4201
                0x000000000000042d        0x3 .build/obj_my65_default/quantum/command.o
 .progmem.data.__c.4199
                0x0000000000000430        0x6 .build/obj_my65_default/quantum/command.o
 .progmem.data.__c.4196
                0x0000000000000436        0x3 .build/obj_my65_default/quantum/command.o
 .progmem.data.__c.4193
                0x0000000000000439        0xa .build/obj_my65_default/quantum/command.o
 .progmem.data.__c.4186
                0x0000000000000443        0x4 .build/obj_my65_default/quantum/command.o
 .progmem.data.__c.4184
                0x0000000000000447        0x3 .build/obj_my65_default/quantum/command.o
 .progmem.data.__c.4173
                0x000000000000044a        0xe .build/obj_my65_default/quantum/command.o
 .progmem.data.__c.4170
                0x0000000000000458        0x3 .build/obj_my65_default/quantum/command.o
 .progmem.data.__c.4165
                0x000000000000045b       0x10 .build/obj_my65_default/quantum/command.o
 .progmem.data.__c.4144
                0x000000000000046b        0x2 .build/obj_my65_default/quantum/command.o
 .progmem.data.__c.4138
                0x000000000000046d        0x4 .build/obj_my65_default/quantum/command.o
 .progmem.data.__c.4210
                0x0000000000000471        0x5 .build/obj_my65_default/quantum/command.o
 .progmem.data.__c.4068
                0x0000000000000476       0x6b .build/obj_my65_default/quantum/command.o
 .progmem.data.__c.4063
                0x00000000000004e1        0x3 .build/obj_my65_default/quantum/command.o
 .progmem.data.__c.4131
                0x00000000000004e4       0x27 .build/obj_my65_default/quantum/command.o
 .progmem.data.__c.4058
                0x000000000000050b      0x1a6 .build/obj_my65_default/quantum/command.o
 .progmem.data.__c.4079
                0x00000000000006b1       0xff .build/obj_my65_default/quantum/command.o
 .progmem.data.__c.4076
                0x00000000000007b0       0x49 .build/obj_my65_default/quantum/command.o
 .progmem.data.__c.4073
                0x00000000000007f9       0x1d .build/obj_my65_default/quantum/command.o
 .progmem.data.__c.4126
                0x0000000000000816        0x2 .build/obj_my65_default/quantum/command.o
 .progmem.data.__c.4116
                0x0000000000000818        0xd .build/obj_my65_default/quantum/command.o
 .progmem.data.__c.4114
                0x0000000000000825        0xc .build/obj_my65_default/quantum/command.o
 .progmem.data.__c.4111
                0x0000000000000831       0x10 .build/obj_my65_default/quantum/command.o
 .progmem.data.__c.4109
                0x0000000000000841        0xf .build/obj_my65_default/quantum/command.o
 .progmem.data.__c.4106
                0x0000000000000850        0xe .build/obj_my65_default/quantum/command.o
 .progmem.data.__c.4104
                0x000000000000085e        0xd .build/obj_my65_default/quantum/command.o
 .progmem.data.__c.4101
                0x000000000000086b        0xd .build/obj_my65_default/quantum/command.o
 .progmem.data.__c.4099
                0x0000000000000878        0xc .build/obj_my65_default/quantum/command.o
 .progmem.data.__c.4096
                0x0000000000000884       0x1c .build/obj_my65_default/quantum/command.o
 .progmem.data.__c.4092
                0x00000000000008a0        0x4 .build/obj_my65_default/quantum/command.o
 .progmem.data.__c.4087
                0x00000000000008a4       0x11 .build/obj_my65_default/quantum/command.o
 .progmem.data.__c.4034
                0x00000000000008b5        0x2 .build/obj_my65_default/protocol/host.o
 .progmem.data.__c.4029
                0x00000000000008b7        0x6 .build/obj_my65_default/protocol/host.o
 .progmem.data.__c.4026
                0x00000000000008bd       0x12 .build/obj_my65_default/protocol/host.o
 .progmem.data.__c.6757
                0x00000000000008cf        0x4 .build/obj_my65_default/lufa.o
 .progmem.data.__c.6633
                0x00000000000008d3        0x4 .build/obj_my65_default/lufa.o
 .progmem.data.__c.6629
                0x00000000000008d7        0x4 .build/obj_my65_default/lufa.o
 .progmem.data.__c.6625
                0x00000000000008db        0x4 .build/obj_my65_default/lufa.o
 .progmem.data.__c.6620
                0x00000000000008df        0x4 .build/obj_my65_default/lufa.o
 .progmem.data.__c.6615
                0x00000000000008e3        0x4 .build/obj_my65_default/lufa.o
 .progmem.data.ProductString
                0x00000000000008e7        0xc .build/obj_my65_default/usb_descriptor.o
                0x00000000000008e7                ProductString
 .progmem.data.ManufacturerString
                0x00000000000008f3        0xc .build/obj_my65_default/usb_descriptor.o
                0x00000000000008f3                ManufacturerString
 .progmem.data.LanguageString
                0x00000000000008ff        0x4 .build/obj_my65_default/usb_descriptor.o
                0x00000000000008ff                LanguageString
 .progmem.data.ConfigurationDescriptor
                0x0000000000000903       0x7b .build/obj_my65_default/usb_descriptor.o
                0x0000000000000903                ConfigurationDescriptor
 .progmem.data.DeviceDescriptor
                0x000000000000097e       0x12 .build/obj_my65_default/usb_descriptor.o
                0x000000000000097e                DeviceDescriptor
 .progmem.data.ConsoleReport
                0x0000000000000990       0x22 .build/obj_my65_default/usb_descriptor.o
                0x0000000000000990                ConsoleReport
 .progmem.data.RawReport
                0x00000000000009b2       0x22 .build/obj_my65_default/usb_descriptor.o
                0x00000000000009b2                RawReport
 .progmem.data.SharedReport
                0x00000000000009d4       0x7b .build/obj_my65_default/usb_descriptor.o
                0x00000000000009d4                SharedReport
 .progmem.data.KeyboardReport
                0x0000000000000a4f       0x40 .build/obj_my65_default/usb_descriptor.o
                0x0000000000000a4f                KeyboardReport
                0x0000000000000a90                . = ALIGN (0x2)
 *fill*         0x0000000000000a8f        0x1 
 *(.lowtext)
 *(.lowtext*)
                0x0000000000000a90                __ctors_start = .
 *(.ctors)
                0x0000000000000a90                __ctors_end = .
                0x0000000000000a90                __dtors_start = .
 *(.dtors)
                0x0000000000000a90                __dtors_end = .
 SORT_BY_NAME(*)(.ctors)
 SORT_BY_NAME(*)(.dtors)
 *(.init0)
 .init0         0x0000000000000a90        0x0 c:/qmk_msys/mingw64/bin/../lib/gcc/avr/8.5.0/../../../../avr/lib/avr5/crtatmega32u4.o
                0x0000000000000a90                __init
 *(.init0)
 *(.init1)
 *(.init1)
 *(.init2)
 .init2         0x0000000000000a90        0xc c:/qmk_msys/mingw64/bin/../lib/gcc/avr/8.5.0/../../../../avr/lib/avr5/crtatmega32u4.o
 *(.init2)
 *(.init3)
 .init3         0x0000000000000a9c       0x36 .build/obj_my65_default/platforms/avr/bootloaders/dfu.o
                0x0000000000000a9c                bootloader_jump_after_watchdog_reset
 *(.init3)
 *(.init4)
 .init4         0x0000000000000ad2       0x16 c:/qmk_msys/mingw64/bin/../lib/gcc/avr/8.5.0/avr5\libgcc.a(_copy_data.o)
                0x0000000000000ad2                __do_copy_data
 .init4         0x0000000000000ae8       0x10 c:/qmk_msys/mingw64/bin/../lib/gcc/avr/8.5.0/avr5\libgcc.a(_clear_bss.o)
                0x0000000000000ae8                __do_clear_bss
 *(.init4)
 *(.init5)
 *(.init5)
 *(.init6)
 *(.init6)
 *(.init7)
 *(.init7)
 *(.init8)
 *(.init8)
 *(.init9)
 .init9         0x0000000000000af8        0x8 c:/qmk_msys/mingw64/bin/../lib/gcc/avr/8.5.0/../../../../avr/lib/avr5/crtatmega32u4.o
 *(.init9)
 *(.text)
 .text          0x0000000000000b00        0x4 c:/qmk_msys/mingw64/bin/../lib/gcc/avr/8.5.0/../../../../avr/lib/avr5/crtatmega32u4.o
                0x0000000000000b00                __vector_38
                0x0000000000000b00                __vector_22
                0x0000000000000b00                __vector_28
                0x0000000000000b00                __vector_1
                0x0000000000000b00                __vector_32
                0x0000000000000b00                __vector_34
                0x0000000000000b00                __vector_24
                0x0000000000000b00                __bad_interrupt
                0x0000000000000b00                __vector_6
                0x0000000000000b00                __vector_31
                0x0000000000000b00                __vector_35
                0x0000000000000b00                __vector_39
                0x0000000000000b00                __vector_3
                0x0000000000000b00                __vector_23
                0x0000000000000b00                __vector_30
                0x0000000000000b00                __vector_25
                0x0000000000000b00                __vector_13
                0x0000000000000b00                __vector_17
                0x0000000000000b00                __vector_19
                0x0000000000000b00                __vector_7
                0x0000000000000b00                __vector_41
                0x0000000000000b00                __vector_27
                0x0000000000000b00                __vector_5
                0x0000000000000b00                __vector_33
                0x0000000000000b00                __vector_37
                0x0000000000000b00                __vector_4
                0x0000000000000b00                __vector_9
                0x0000000000000b00                __vector_2
                0x0000000000000b00                __vector_15
                0x0000000000000b00                __vector_36
                0x0000000000000b00                __vector_29
                0x0000000000000b00                __vector_40
                0x0000000000000b00                __vector_8
                0x0000000000000b00                __vector_26
                0x0000000000000b00                __vector_14
                0x0000000000000b00                __vector_16
                0x0000000000000b00                __vector_18
                0x0000000000000b00                __vector_20
                0x0000000000000b00                __vector_42
 .text          0x0000000000000b04      0x15c .build/obj_my65_default/platforms/avr/xprintf.o
                0x0000000000000b04                xputc
                0x0000000000000b1c                xputs
                0x0000000000000b2a                xitoa
                0x0000000000000c4e                __xprintf
                0x0000000000000c60                . = ALIGN (0x2)
 *(.text.*)
 .text.keymap_layer_count
                0x0000000000000c60        0x4 .build/obj_my65_default/quantum/keymap_introspection.o
                0x0000000000000c60                keymap_layer_count
 .text.process_action_kb
                0x0000000000000c64        0x4 .build/obj_my65_default/quantum/quantum.o
                0x0000000000000c64                process_action_kb
 .text.process_record_user
                0x0000000000000c68        0x4 .build/obj_my65_default/quantum/quantum.o
                0x0000000000000c68                process_record_user
 .text.process_record_kb
                0x0000000000000c6c        0x6 .build/obj_my65_default/quantum/quantum.o
                0x0000000000000c6c                process_record_kb
 .text.post_process_record_user
                0x0000000000000c72        0x2 .build/obj_my65_default/quantum/quantum.o
                0x0000000000000c72                post_process_record_user
 .text.post_process_record_kb
                0x0000000000000c74        0x6 .build/obj_my65_default/quantum/quantum.o
                0x0000000000000c74                post_process_record_kb
 .text.get_event_keycode
                0x0000000000000c7a       0x58 .build/obj_my65_default/quantum/quantum.o
                0x0000000000000c7a                get_event_keycode
 .text.get_record_keycode
                0x0000000000000cd2       0x14 .build/obj_my65_default/quantum/quantum.o
                0x0000000000000cd2                get_record_keycode
 .text.pre_process_record_quantum
                0x0000000000000ce6        0x4 .build/obj_my65_default/quantum/quantum.o
                0x0000000000000ce6                pre_process_record_quantum
 .text.post_process_record_quantum
                0x0000000000000cea       0x18 .build/obj_my65_default/quantum/quantum.o
                0x0000000000000cea                post_process_record_quantum
 .text.update_tri_layer_state
                0x0000000000000d02       0x3a .build/obj_my65_default/quantum/quantum.o
                0x0000000000000d02                update_tri_layer_state
 .text.update_tri_layer
                0x0000000000000d3c       0x14 .build/obj_my65_default/quantum/quantum.o
                0x0000000000000d3c                update_tri_layer
 .text.matrix_init_quantum
                0x0000000000000d50        0x6 .build/obj_my65_default/quantum/quantum.o
                0x0000000000000d50                matrix_init_quantum
 .text.matrix_scan_quantum
                0x0000000000000d56        0x6 .build/obj_my65_default/quantum/quantum.o
                0x0000000000000d56                matrix_scan_quantum
 .text.shutdown_user
                0x0000000000000d5c        0x2 .build/obj_my65_default/quantum/quantum.o
                0x0000000000000d5c                shutdown_user
 .text.shutdown_quantum
                0x0000000000000d5e       0x1c .build/obj_my65_default/quantum/quantum.o
                0x0000000000000d5e                shutdown_quantum
 .text.reset_keyboard
                0x0000000000000d7a        0xa .build/obj_my65_default/quantum/quantum.o
                0x0000000000000d7a                reset_keyboard
 .text.soft_reset_keyboard
                0x0000000000000d84        0xa .build/obj_my65_default/quantum/quantum.o
                0x0000000000000d84                soft_reset_keyboard
 .text.process_record_quantum
                0x0000000000000d8e       0xde .build/obj_my65_default/quantum/quantum.o
                0x0000000000000d8e                process_record_quantum
 .text.suspend_power_down_quantum
                0x0000000000000e6c        0xa .build/obj_my65_default/quantum/quantum.o
                0x0000000000000e6c                suspend_power_down_quantum
 .text.suspend_wakeup_init_quantum
                0x0000000000000e76        0xa .build/obj_my65_default/quantum/quantum.o
                0x0000000000000e76                suspend_wakeup_init_quantum
 .text.bitrev   0x0000000000000e80       0x30 .build/obj_my65_default/quantum/bitwise.o
                0x0000000000000e80                bitrev
 .text.bitrev16
                0x0000000000000eb0       0x1a .build/obj_my65_default/quantum/bitwise.o
                0x0000000000000eb0                bitrev16
 .text.led_set_user
                0x0000000000000eca        0x2 .build/obj_my65_default/quantum/led.o
                0x0000000000000eca                led_set_user
 .text.led_set_kb
                0x0000000000000ecc        0x6 .build/obj_my65_default/quantum/led.o
                0x0000000000000ecc                led_set_kb
 .text.led_update_user
                0x0000000000000ed2        0x4 .build/obj_my65_default/quantum/led.o
                0x0000000000000ed2                led_update_user
 .text.led_update_kb
                0x0000000000000ed6        0x6 .build/obj_my65_default/quantum/led.o
                0x0000000000000ed6                led_update_kb
 .text.led_init_ports
                0x0000000000000edc        0x2 .build/obj_my65_default/quantum/led.o
                0x0000000000000edc                led_init_ports
 .text.led_set  0x0000000000000ede       0x12 .build/obj_my65_default/quantum/led.o
                0x0000000000000ede                led_set
 .text.led_suspend
                0x0000000000000ef0        0x8 .build/obj_my65_default/quantum/led.o
                0x0000000000000ef0                led_suspend
 .text.led_wakeup
                0x0000000000000ef8        0xa .build/obj_my65_default/quantum/led.o
                0x0000000000000ef8                led_wakeup
 .text.led_task
                0x0000000000000f02       0x76 .build/obj_my65_default/quantum/led.o
                0x0000000000000f02                led_task
 .text.action_exec
                0x0000000000000f78       0x6a .build/obj_my65_default/quantum/action.o
                0x0000000000000f78                action_exec
 .text.process_record_tap_hint
                0x0000000000000fe2        0xc .build/obj_my65_default/quantum/action.o
                0x0000000000000fe2                process_record_tap_hint
 .text.register_code
                0x0000000000000fee       0xa2 .build/obj_my65_default/quantum/action.o
                0x0000000000000fee                register_code
 .text.unregister_code
                0x0000000000001090       0x64 .build/obj_my65_default/quantum/action.o
                0x0000000000001090                unregister_code
 .text.tap_code_delay
                0x00000000000010f4       0x30 .build/obj_my65_default/quantum/action.o
                0x00000000000010f4                tap_code_delay
 .text.tap_code
                0x0000000000001124       0x12 .build/obj_my65_default/quantum/action.o
                0x0000000000001124                tap_code
 .text.register_mods
                0x0000000000001136        0xe .build/obj_my65_default/quantum/action.o
                0x0000000000001136                register_mods
 .text.unregister_mods
                0x0000000000001144        0xe .build/obj_my65_default/quantum/action.o
                0x0000000000001144                unregister_mods
 .text.process_action
                0x0000000000001152      0x3dc .build/obj_my65_default/quantum/action.o
                0x0000000000001152                process_action
 .text.process_record_handler
                0x000000000000152e       0x30 .build/obj_my65_default/quantum/action.o
                0x000000000000152e                process_record_handler
 .text.process_record
                0x000000000000155e       0x54 .build/obj_my65_default/quantum/action.o
                0x000000000000155e                process_record
 .text.clear_keyboard_but_mods_and_keys
                0x00000000000015b2       0x22 .build/obj_my65_default/quantum/action.o
                0x00000000000015b2                clear_keyboard_but_mods_and_keys
 .text.clear_keyboard_but_mods
                0x00000000000015d4        0xa .build/obj_my65_default/quantum/action.o
                0x00000000000015d4                clear_keyboard_but_mods
 .text.clear_keyboard
                0x00000000000015de        0xa .build/obj_my65_default/quantum/action.o
                0x00000000000015de                clear_keyboard
 .text.is_tap_action
                0x00000000000015e8       0x36 .build/obj_my65_default/quantum/action.o
                0x00000000000015e8                is_tap_action
 .text.is_tap_record
                0x000000000000161e       0x26 .build/obj_my65_default/quantum/action.o
                0x000000000000161e                is_tap_record
 .text.debug_event
                0x0000000000001644       0x14 .build/obj_my65_default/quantum/action.o
                0x0000000000001644                debug_event
 .text.debug_record
                0x0000000000001658       0x14 .build/obj_my65_default/quantum/action.o
                0x0000000000001658                debug_record
 .text.default_layer_state_set_user
                0x000000000000166c        0x2 .build/obj_my65_default/quantum/action_layer.o
                0x000000000000166c                default_layer_state_set_user
 .text.default_layer_state_set_kb
                0x000000000000166e        0x6 .build/obj_my65_default/quantum/action_layer.o
                0x000000000000166e                default_layer_state_set_kb
 .text.default_layer_state_set
                0x0000000000001674        0xe .build/obj_my65_default/quantum/action_layer.o
 .text.default_layer_debug
                0x0000000000001682        0x2 .build/obj_my65_default/quantum/action_layer.o
                0x0000000000001682                default_layer_debug
 .text.default_layer_set
                0x0000000000001684        0x6 .build/obj_my65_default/quantum/action_layer.o
                0x0000000000001684                default_layer_set
 .text.default_layer_or
                0x000000000000168a        0xc .build/obj_my65_default/quantum/action_layer.o
                0x000000000000168a                default_layer_or
 .text.default_layer_and
                0x0000000000001696        0xc .build/obj_my65_default/quantum/action_layer.o
                0x0000000000001696                default_layer_and
 .text.default_layer_xor
                0x00000000000016a2        0xc .build/obj_my65_default/quantum/action_layer.o
                0x00000000000016a2                default_layer_xor
 .text.layer_state_set_user
                0x00000000000016ae        0x6 .build/obj_my65_default/quantum/action_layer.o
                0x00000000000016ae                layer_state_set_user
 .text.layer_state_set_kb
                0x00000000000016b4        0x6 .build/obj_my65_default/quantum/action_layer.o
                0x00000000000016b4                layer_state_set_kb
 .text.layer_state_set
                0x00000000000016ba        0xe .build/obj_my65_default/quantum/action_layer.o
                0x00000000000016ba                layer_state_set
 .text.layer_clear
                0x00000000000016c8        0x8 .build/obj_my65_default/quantum/action_layer.o
                0x00000000000016c8                layer_clear
 .text.layer_move
                0x00000000000016d0       0x12 .build/obj_my65_default/quantum/action_layer.o
                0x00000000000016d0                layer_move
 .text.layer_on
                0x00000000000016e2       0x18 .build/obj_my65_default/quantum/action_layer.o
                0x00000000000016e2                layer_on
 .text.layer_off
                0x00000000000016fa       0x1a .build/obj_my65_default/quantum/action_layer.o
                0x00000000000016fa                layer_off
 .text.layer_invert
                0x0000000000001714       0x18 .build/obj_my65_default/quantum/action_layer.o
                0x0000000000001714                layer_invert
 .text.layer_or
                0x000000000000172c        0xc .build/obj_my65_default/quantum/action_layer.o
                0x000000000000172c                layer_or
 .text.layer_and
                0x0000000000001738        0xc .build/obj_my65_default/quantum/action_layer.o
                0x0000000000001738                layer_and
 .text.layer_xor
                0x0000000000001744        0xc .build/obj_my65_default/quantum/action_layer.o
                0x0000000000001744                layer_xor
 .text.layer_debug
                0x0000000000001750        0x2 .build/obj_my65_default/quantum/action_layer.o
                0x0000000000001750                layer_debug
 .text.update_source_layers_cache_impl
                0x0000000000001752       0x5a .build/obj_my65_default/quantum/action_layer.o
                0x0000000000001752                update_source_layers_cache_impl
 .text.read_source_layers_cache_impl
                0x00000000000017ac       0x4e .build/obj_my65_default/quantum/action_layer.o
                0x00000000000017ac                read_source_layers_cache_impl
 .text.update_source_layers_cache
                0x00000000000017fa       0x22 .build/obj_my65_default/quantum/action_layer.o
                0x00000000000017fa                update_source_layers_cache
 .text.read_source_layers_cache
                0x000000000000181c       0x24 .build/obj_my65_default/quantum/action_layer.o
                0x000000000000181c                read_source_layers_cache
 .text.layer_switch_get_layer
                0x0000000000001840       0x5a .build/obj_my65_default/quantum/action_layer.o
                0x0000000000001840                layer_switch_get_layer
 .text.layer_switch_get_action
                0x000000000000189a       0x16 .build/obj_my65_default/quantum/action_layer.o
                0x000000000000189a                layer_switch_get_action
 .text.store_or_get_action
                0x00000000000018b0       0x46 .build/obj_my65_default/quantum/action_layer.o
                0x00000000000018b0                store_or_get_action
 .text.debug_waiting_buffer
                0x00000000000018f6       0x42 .build/obj_my65_default/quantum/action_tapping.o
 .text.debug_tapping_key
                0x0000000000001938       0x1e .build/obj_my65_default/quantum/action_tapping.o
 .text.waiting_buffer_scan_tap
                0x0000000000001956       0xaa .build/obj_my65_default/quantum/action_tapping.o
 .text.process_tapping
                0x0000000000001a00      0x30e .build/obj_my65_default/quantum/action_tapping.o
 .text.action_tapping_process
                0x0000000000001d0e      0x11e .build/obj_my65_default/quantum/action_tapping.o
                0x0000000000001d0e                action_tapping_process
 .text.add_key  0x0000000000001e2c       0x10 .build/obj_my65_default/quantum/action_util.o
                0x0000000000001e2c                add_key
 .text.del_key  0x0000000000001e3c       0x10 .build/obj_my65_default/quantum/action_util.o
                0x0000000000001e3c                del_key
 .text.clear_keys
                0x0000000000001e4c        0xe .build/obj_my65_default/quantum/action_util.o
                0x0000000000001e4c                clear_keys
 .text.get_oneshot_layer
                0x0000000000001e5a        0xc .build/obj_my65_default/quantum/action_util.o
                0x0000000000001e5a                get_oneshot_layer
 .text.get_oneshot_layer_state
                0x0000000000001e66        0x8 .build/obj_my65_default/quantum/action_util.o
                0x0000000000001e66                get_oneshot_layer_state
 .text.is_oneshot_layer_active
                0x0000000000001e6e        0xe .build/obj_my65_default/quantum/action_util.o
                0x0000000000001e6e                is_oneshot_layer_active
 .text.get_mods
                0x0000000000001e7c        0x6 .build/obj_my65_default/quantum/action_util.o
                0x0000000000001e7c                get_mods
 .text.add_mods
                0x0000000000001e82        0xc .build/obj_my65_default/quantum/action_util.o
                0x0000000000001e82                add_mods
 .text.del_mods
                0x0000000000001e8e        0xe .build/obj_my65_default/quantum/action_util.o
                0x0000000000001e8e                del_mods
 .text.clear_mods
                0x0000000000001e9c        0x6 .build/obj_my65_default/quantum/action_util.o
                0x0000000000001e9c                clear_mods
 .text.add_weak_mods
                0x0000000000001ea2        0xc .build/obj_my65_default/quantum/action_util.o
                0x0000000000001ea2                add_weak_mods
 .text.del_weak_mods
                0x0000000000001eae        0xe .build/obj_my65_default/quantum/action_util.o
                0x0000000000001eae                del_weak_mods
 .text.clear_weak_mods
                0x0000000000001ebc        0x6 .build/obj_my65_default/quantum/action_util.o
                0x0000000000001ebc                clear_weak_mods
 .text.get_oneshot_mods
                0x0000000000001ec2        0x6 .build/obj_my65_default/quantum/action_util.o
                0x0000000000001ec2                get_oneshot_mods
 .text.oneshot_mods_changed_user
                0x0000000000001ec8        0x2 .build/obj_my65_default/quantum/action_util.o
                0x0000000000001ec8                oneshot_mods_changed_user
 .text.oneshot_mods_changed_kb
                0x0000000000001eca        0x6 .build/obj_my65_default/quantum/action_util.o
                0x0000000000001eca                oneshot_mods_changed_kb
 .text.set_oneshot_mods
                0x0000000000001ed0       0x1a .build/obj_my65_default/quantum/action_util.o
                0x0000000000001ed0                set_oneshot_mods
 .text.clear_oneshot_mods
                0x0000000000001eea       0x14 .build/obj_my65_default/quantum/action_util.o
                0x0000000000001eea                clear_oneshot_mods
 .text.send_keyboard_report
                0x0000000000001efe       0x82 .build/obj_my65_default/quantum/action_util.o
                0x0000000000001efe                send_keyboard_report
 .text.oneshot_layer_changed_user
                0x0000000000001f80        0x2 .build/obj_my65_default/quantum/action_util.o
                0x0000000000001f80                oneshot_layer_changed_user
 .text.oneshot_layer_changed_kb
                0x0000000000001f82        0x6 .build/obj_my65_default/quantum/action_util.o
                0x0000000000001f82                oneshot_layer_changed_kb
 .text.set_oneshot_layer
                0x0000000000001f88       0x30 .build/obj_my65_default/quantum/action_util.o
                0x0000000000001f88                set_oneshot_layer
 .text.reset_oneshot_layer
                0x0000000000001fb8        0xc .build/obj_my65_default/quantum/action_util.o
                0x0000000000001fb8                reset_oneshot_layer
 .text.clear_oneshot_layer_state
                0x0000000000001fc4       0x38 .build/obj_my65_default/quantum/action_util.o
                0x0000000000001fc4                clear_oneshot_layer_state
 .text.oneshot_set
                0x0000000000001ffc       0x50 .build/obj_my65_default/quantum/action_util.o
                0x0000000000001ffc                oneshot_set
 .text.oneshot_toggle
                0x000000000000204c       0x14 .build/obj_my65_default/quantum/action_util.o
                0x000000000000204c                oneshot_toggle
 .text.oneshot_enable
                0x0000000000002060        0x8 .build/obj_my65_default/quantum/action_util.o
                0x0000000000002060                oneshot_enable
 .text.oneshot_disable
                0x0000000000002068        0x8 .build/obj_my65_default/quantum/action_util.o
                0x0000000000002068                oneshot_disable
 .text.eeconfig_disable
                0x0000000000002070        0xe .build/obj_my65_default/quantum/eeconfig.o
                0x0000000000002070                eeconfig_disable
 .text.eeconfig_is_enabled
                0x000000000000207e       0x18 .build/obj_my65_default/quantum/eeconfig.o
                0x000000000000207e                eeconfig_is_enabled
 .text.eeconfig_read_debug
                0x0000000000002096        0xa .build/obj_my65_default/quantum/eeconfig.o
                0x0000000000002096                eeconfig_read_debug
 .text.eeconfig_read_default_layer
                0x00000000000020a0        0xa .build/obj_my65_default/quantum/eeconfig.o
                0x00000000000020a0                eeconfig_read_default_layer
 .text.eeconfig_read_keymap
                0x00000000000020aa       0x1c .build/obj_my65_default/quantum/eeconfig.o
                0x00000000000020aa                eeconfig_read_keymap
 .text.eeconfig_update_keymap
                0x00000000000020c6       0x1c .build/obj_my65_default/quantum/eeconfig.o
                0x00000000000020c6                eeconfig_update_keymap
 .text.eeconfig_update_kb
                0x00000000000020e2        0xe .build/obj_my65_default/quantum/eeconfig.o
                0x00000000000020e2                eeconfig_update_kb
 .text.eeconfig_update_user
                0x00000000000020f0        0xe .build/obj_my65_default/quantum/eeconfig.o
                0x00000000000020f0                eeconfig_update_user
 .text.eeconfig_init_user
                0x00000000000020fe        0xc .build/obj_my65_default/quantum/eeconfig.o
                0x00000000000020fe                eeconfig_init_user
 .text.eeconfig_init_kb
                0x000000000000210a       0x10 .build/obj_my65_default/quantum/eeconfig.o
                0x000000000000210a                eeconfig_init_kb
 .text.eeconfig_init_quantum
                0x000000000000211a       0xbe .build/obj_my65_default/quantum/eeconfig.o
                0x000000000000211a                eeconfig_init_quantum
 .text.eeconfig_init
                0x00000000000021d8        0x6 .build/obj_my65_default/quantum/eeconfig.o
                0x00000000000021d8                eeconfig_init
 .text.eeconfig_update_handedness
                0x00000000000021de        0xc .build/obj_my65_default/quantum/eeconfig.o
                0x00000000000021de                eeconfig_update_handedness
 .text.last_matrix_activity_trigger
                0x00000000000021ea       0x26 .build/obj_my65_default/quantum/keyboard.o
                0x00000000000021ea                last_matrix_activity_trigger
 .text.matrix_setup
                0x0000000000002210        0x2 .build/obj_my65_default/quantum/keyboard.o
                0x0000000000002210                matrix_setup
 .text.keyboard_pre_init_user
                0x0000000000002212        0x2 .build/obj_my65_default/quantum/keyboard.o
                0x0000000000002212                keyboard_pre_init_user
 .text.keyboard_pre_init_kb
                0x0000000000002214        0x6 .build/obj_my65_default/quantum/keyboard.o
                0x0000000000002214                keyboard_pre_init_kb
 .text.keyboard_post_init_user
                0x000000000000221a        0x2 .build/obj_my65_default/quantum/keyboard.o
                0x000000000000221a                keyboard_post_init_user
 .text.keyboard_post_init_kb
                0x000000000000221c        0x6 .build/obj_my65_default/quantum/keyboard.o
                0x000000000000221c                keyboard_post_init_kb
 .text.keyboard_setup
                0x0000000000002222       0x12 .build/obj_my65_default/quantum/keyboard.o
                0x0000000000002222                keyboard_setup
 .text.is_keyboard_master
                0x0000000000002234        0x4 .build/obj_my65_default/quantum/keyboard.o
                0x0000000000002234                is_keyboard_master
 .text.should_process_keypress
                0x0000000000002238        0x6 .build/obj_my65_default/quantum/keyboard.o
                0x0000000000002238                should_process_keypress
 .text.housekeeping_task_kb
                0x000000000000223e        0x2 .build/obj_my65_default/quantum/keyboard.o
                0x000000000000223e                housekeeping_task_kb
 .text.housekeeping_task_user
                0x0000000000002240        0x2 .build/obj_my65_default/quantum/keyboard.o
                0x0000000000002240                housekeeping_task_user
 .text.housekeeping_task
                0x0000000000002242        0xa .build/obj_my65_default/quantum/keyboard.o
                0x0000000000002242                housekeeping_task
 .text.quantum_init
                0x000000000000224c        0xa .build/obj_my65_default/quantum/keyboard.o
                0x000000000000224c                quantum_init
 .text.keyboard_init
                0x0000000000002256       0x16 .build/obj_my65_default/quantum/keyboard.o
                0x0000000000002256                keyboard_init
 .text.keyboard_task
                0x000000000000226c      0x118 .build/obj_my65_default/quantum/keyboard.o
                0x000000000000226c                keyboard_task
 .text.action_for_keycode
                0x0000000000002384      0x1e2 .build/obj_my65_default/quantum/keymap_common.o
                0x0000000000002384                action_for_keycode
 .text.action_for_key
                0x0000000000002566        0xa .build/obj_my65_default/quantum/keymap_common.o
                0x0000000000002566                action_for_key
 .text.keycode_config
                0x0000000000002570      0x144 .build/obj_my65_default/quantum/keycode_config.o
                0x0000000000002570                keycode_config
 .text.mod_config
                0x00000000000026b4       0x86 .build/obj_my65_default/quantum/keycode_config.o
                0x00000000000026b4                mod_config
 .text.bootmagic_lite_reset_eeprom
                0x000000000000273a        0x6 .build/obj_my65_default/quantum/bootmagic/bootmagic_lite.o
                0x000000000000273a                bootmagic_lite_reset_eeprom
 .text.bootmagic_lite
                0x0000000000002740       0x2e .build/obj_my65_default/quantum/bootmagic/bootmagic_lite.o
                0x0000000000002740                bootmagic_lite
 .text.bootmagic
                0x000000000000276e        0x6 .build/obj_my65_default/quantum/bootmagic/bootmagic_lite.o
                0x000000000000276e                bootmagic
 .text.magic    0x0000000000002774       0x36 .build/obj_my65_default/quantum/bootmagic/magic.o
                0x0000000000002774                magic
 .text.matrix_init_user
                0x00000000000027aa        0x2 .build/obj_my65_default/quantum/matrix_common.o
                0x00000000000027aa                matrix_init_user
 .text.matrix_init_kb
                0x00000000000027ac        0x6 .build/obj_my65_default/quantum/matrix_common.o
                0x00000000000027ac                matrix_init_kb
 .text.matrix_scan_user
                0x00000000000027b2        0x2 .build/obj_my65_default/quantum/matrix_common.o
                0x00000000000027b2                matrix_scan_user
 .text.matrix_scan_kb
                0x00000000000027b4        0x6 .build/obj_my65_default/quantum/matrix_common.o
                0x00000000000027b4                matrix_scan_kb
 .text.matrix_get_row
                0x00000000000027ba       0x12 .build/obj_my65_default/quantum/matrix_common.o
                0x00000000000027ba                matrix_get_row
 .text.matrix_print
                0x00000000000027cc       0x82 .build/obj_my65_default/quantum/matrix_common.o
                0x00000000000027cc                matrix_print
 .text.matrix_io_delay
                0x000000000000284e        0x8 .build/obj_my65_default/quantum/matrix_common.o
                0x000000000000284e                matrix_io_delay
 .text.matrix_output_select_delay
                0x0000000000002856        0x4 .build/obj_my65_default/quantum/matrix_common.o
                0x0000000000002856                matrix_output_select_delay
 .text.matrix_output_unselect_delay
                0x000000000000285a        0x6 .build/obj_my65_default/quantum/matrix_common.o
                0x000000000000285a                matrix_output_unselect_delay
 .text.setPinInputHigh_atomic
                0x0000000000002860       0x2e .build/obj_my65_default/quantum/matrix.o
 .text.matrix_init_pins
                0x000000000000288e       0x36 .build/obj_my65_default/quantum/matrix.o
                0x000000000000288e                matrix_init_pins
 .text.matrix_read_cols_on_row
                0x00000000000028c4       0xe0 .build/obj_my65_default/quantum/matrix.o
                0x00000000000028c4                matrix_read_cols_on_row
 .text.matrix_init
                0x00000000000029a4       0x2c .build/obj_my65_default/quantum/matrix.o
                0x00000000000029a4                matrix_init
 .text.matrix_scan
                0x00000000000029d0       0x76 .build/obj_my65_default/quantum/matrix.o
                0x00000000000029d0                matrix_scan
 .text.debounce_init
                0x0000000000002a46        0x2 .build/obj_my65_default/quantum/debounce/sym_defer_g.o
                0x0000000000002a46                debounce_init
 .text.debounce
                0x0000000000002a48       0x7e .build/obj_my65_default/quantum/debounce/sym_defer_g.o
                0x0000000000002a48                debounce
 .text.protocol_init
                0x0000000000002ac6        0xe .build/obj_my65_default/quantum/main.o
                0x0000000000002ac6                protocol_init
 .text.protocol_task
                0x0000000000002ad4        0xe .build/obj_my65_default/quantum/main.o
                0x0000000000002ad4                protocol_task
 .text.startup.main
                0x0000000000002ae2       0x1a .build/obj_my65_default/quantum/main.o
                0x0000000000002ae2                main
 .text.move_unit
                0x0000000000002afc       0x7c .build/obj_my65_default/quantum/mousekey.o
 .text.wheel_unit
                0x0000000000002b78       0x72 .build/obj_my65_default/quantum/mousekey.o
 .text.mousekey_on
                0x0000000000002bea       0xb4 .build/obj_my65_default/quantum/mousekey.o
                0x0000000000002bea                mousekey_on
 .text.mousekey_off
                0x0000000000002c9e       0xf2 .build/obj_my65_default/quantum/mousekey.o
                0x0000000000002c9e                mousekey_off
 .text.mousekey_send
                0x0000000000002d90      0x13c .build/obj_my65_default/quantum/mousekey.o
                0x0000000000002d90                mousekey_send
 .text.mousekey_clear
                0x0000000000002ecc       0x1c .build/obj_my65_default/quantum/mousekey.o
                0x0000000000002ecc                mousekey_clear
 .text.should_mousekey_report_send
                0x0000000000002ee8       0x28 .build/obj_my65_default/quantum/mousekey.o
                0x0000000000002ee8                should_mousekey_report_send
 .text.mousekey_task
                0x0000000000002f10      0x1f8 .build/obj_my65_default/quantum/mousekey.o
                0x0000000000002f10                mousekey_task
 .text.via_eeprom_is_valid
                0x0000000000003108       0x32 .build/obj_my65_default/quantum/via.o
                0x0000000000003108                via_eeprom_is_valid
 .text.via_eeprom_set_valid
                0x000000000000313a       0x32 .build/obj_my65_default/quantum/via.o
                0x000000000000313a                via_eeprom_set_valid
 .text.via_init_kb
                0x000000000000316c        0x2 .build/obj_my65_default/quantum/via.o
                0x000000000000316c                via_init_kb
 .text.via_get_layout_options
                0x000000000000316e       0x12 .build/obj_my65_default/quantum/via.o
                0x000000000000316e                via_get_layout_options
 .text.via_set_layout_options_kb
                0x0000000000003180        0x2 .build/obj_my65_default/quantum/via.o
                0x0000000000003180                via_set_layout_options_kb
 .text.via_set_layout_options
                0x0000000000003182       0x16 .build/obj_my65_default/quantum/via.o
                0x0000000000003182                via_set_layout_options
 .text.eeconfig_init_via
                0x0000000000003198       0x20 .build/obj_my65_default/quantum/via.o
                0x0000000000003198                eeconfig_init_via
 .text.via_init
                0x00000000000031b8       0x1a .build/obj_my65_default/quantum/via.o
                0x00000000000031b8                via_init
 .text.process_record_via
                0x00000000000031d2       0x70 .build/obj_my65_default/quantum/via.o
                0x00000000000031d2                process_record_via
 .text.raw_hid_receive_kb
                0x0000000000003242        0x8 .build/obj_my65_default/quantum/via.o
                0x0000000000003242                raw_hid_receive_kb
 .text.raw_hid_receive
                0x000000000000324a      0x166 .build/obj_my65_default/quantum/via.o
                0x000000000000324a                raw_hid_receive
 .text.process_magic
                0x00000000000033b0      0x2dc .build/obj_my65_default/quantum/process_keycode/process_magic.o
                0x00000000000033b0                process_magic
 .text.send_char
                0x000000000000368c       0xba .build/obj_my65_default/quantum/send_string/send_string.o
                0x000000000000368c                send_char
 .text.send_string_with_delay
                0x0000000000003746       0xcc .build/obj_my65_default/quantum/send_string/send_string.o
                0x0000000000003746                send_string_with_delay
 .text.mousekey_param_print
                0x0000000000003812       0x4e .build/obj_my65_default/quantum/command.o
 .text.mousekey_console
                0x0000000000003860      0x238 .build/obj_my65_default/quantum/command.o
 .text.switch_default_layer
                0x0000000000003a98       0x32 .build/obj_my65_default/quantum/command.o
 .text.command_common
                0x0000000000003aca      0x2d0 .build/obj_my65_default/quantum/command.o
 .text.command_extra
                0x0000000000003d9a        0x4 .build/obj_my65_default/quantum/command.o
                0x0000000000003d9a                command_extra
 .text.command_console_extra
                0x0000000000003d9e        0x6 .build/obj_my65_default/quantum/command.o
                0x0000000000003d9e                command_console_extra
 .text.command_proc
                0x0000000000003da4       0xa8 .build/obj_my65_default/quantum/command.o
                0x0000000000003da4                command_proc
 .text.dynamic_keymap_get_layer_count
                0x0000000000003e4c        0x4 .build/obj_my65_default/quantum/dynamic_keymap.o
                0x0000000000003e4c                dynamic_keymap_get_layer_count
 .text.dynamic_keymap_key_to_eeprom_address
                0x0000000000003e50       0x22 .build/obj_my65_default/quantum/dynamic_keymap.o
                0x0000000000003e50                dynamic_keymap_key_to_eeprom_address
 .text.dynamic_keymap_get_keycode
                0x0000000000003e72       0x44 .build/obj_my65_default/quantum/dynamic_keymap.o
                0x0000000000003e72                dynamic_keymap_get_keycode
 .text.dynamic_keymap_set_keycode
                0x0000000000003eb6       0x38 .build/obj_my65_default/quantum/dynamic_keymap.o
                0x0000000000003eb6                dynamic_keymap_set_keycode
 .text.dynamic_keymap_reset
                0x0000000000003eee       0x74 .build/obj_my65_default/quantum/dynamic_keymap.o
                0x0000000000003eee                dynamic_keymap_reset
 .text.dynamic_keymap_get_buffer
                0x0000000000003f62       0x48 .build/obj_my65_default/quantum/dynamic_keymap.o
                0x0000000000003f62                dynamic_keymap_get_buffer
 .text.dynamic_keymap_set_buffer
                0x0000000000003faa       0x48 .build/obj_my65_default/quantum/dynamic_keymap.o
                0x0000000000003faa                dynamic_keymap_set_buffer
 .text.keymap_key_to_keycode
                0x0000000000003ff2       0x1c .build/obj_my65_default/quantum/dynamic_keymap.o
                0x0000000000003ff2                keymap_key_to_keycode
 .text.dynamic_keymap_macro_get_count
                0x000000000000400e        0x4 .build/obj_my65_default/quantum/dynamic_keymap.o
                0x000000000000400e                dynamic_keymap_macro_get_count
 .text.dynamic_keymap_macro_get_buffer_size
                0x0000000000004012        0x6 .build/obj_my65_default/quantum/dynamic_keymap.o
                0x0000000000004012                dynamic_keymap_macro_get_buffer_size
 .text.dynamic_keymap_macro_get_buffer
                0x0000000000004018       0x48 .build/obj_my65_default/quantum/dynamic_keymap.o
                0x0000000000004018                dynamic_keymap_macro_get_buffer
 .text.dynamic_keymap_macro_set_buffer
                0x0000000000004060       0x48 .build/obj_my65_default/quantum/dynamic_keymap.o
                0x0000000000004060                dynamic_keymap_macro_set_buffer
 .text.dynamic_keymap_macro_reset
                0x00000000000040a8       0x20 .build/obj_my65_default/quantum/dynamic_keymap.o
                0x00000000000040a8                dynamic_keymap_macro_reset
 .text.dynamic_keymap_macro_send
                0x00000000000040c8       0x96 .build/obj_my65_default/quantum/dynamic_keymap.o
                0x00000000000040c8                dynamic_keymap_macro_send
 .text.process_grave_esc
                0x000000000000415e       0x54 .build/obj_my65_default/quantum/process_keycode/process_grave_esc.o
                0x000000000000415e                process_grave_esc
 .text.perform_space_cadet
                0x00000000000041b2       0xc8 .build/obj_my65_default/quantum/process_keycode/process_space_cadet.o
                0x00000000000041b2                perform_space_cadet
 .text.process_space_cadet
                0x000000000000427a       0xa4 .build/obj_my65_default/quantum/process_keycode/process_space_cadet.o
                0x000000000000427a                process_space_cadet
 .text.print_set_sendchar
                0x000000000000431e        0xa .build/obj_my65_default/platforms/avr/printf.o
                0x000000000000431e                print_set_sendchar
 .text.host_set_driver
                0x0000000000004328        0xa .build/obj_my65_default/protocol/host.o
                0x0000000000004328                host_set_driver
 .text.host_keyboard_leds
                0x0000000000004332       0x1a .build/obj_my65_default/protocol/host.o
                0x0000000000004332                host_keyboard_leds
 .text.host_keyboard_send
                0x000000000000434c       0x88 .build/obj_my65_default/protocol/host.o
                0x000000000000434c                host_keyboard_send
 .text.host_mouse_send
                0x00000000000043d4       0x1c .build/obj_my65_default/protocol/host.o
                0x00000000000043d4                host_mouse_send
 .text.host_system_send
                0x00000000000043f0       0x2c .build/obj_my65_default/protocol/host.o
                0x00000000000043f0                host_system_send
 .text.host_consumer_send
                0x000000000000441c       0x2c .build/obj_my65_default/protocol/host.o
                0x000000000000441c                host_consumer_send
 .text.has_anykey
                0x0000000000004448       0x24 .build/obj_my65_default/protocol/report.o
                0x0000000000004448                has_anykey
 .text.is_key_pressed
                0x000000000000446c       0x1e .build/obj_my65_default/protocol/report.o
                0x000000000000446c                is_key_pressed
 .text.add_key_byte
                0x000000000000448a       0x34 .build/obj_my65_default/protocol/report.o
                0x000000000000448a                add_key_byte
 .text.del_key_byte
                0x00000000000044be       0x1a .build/obj_my65_default/protocol/report.o
                0x00000000000044be                del_key_byte
 .text.add_key_to_report
                0x00000000000044d8        0x6 .build/obj_my65_default/protocol/report.o
                0x00000000000044d8                add_key_to_report
 .text.del_key_from_report
                0x00000000000044de        0x6 .build/obj_my65_default/protocol/report.o
                0x00000000000044de                del_key_from_report
 .text.clear_keys_from_report
                0x00000000000044e4        0xe .build/obj_my65_default/protocol/report.o
                0x00000000000044e4                clear_keys_from_report
 .text.has_mouse_report_changed
                0x00000000000044f2       0x14 .build/obj_my65_default/protocol/report.o
                0x00000000000044f2                has_mouse_report_changed
 .text.notify_usb_device_state_change_user
                0x0000000000004506        0x2 .build/obj_my65_default/protocol/usb_device_state.o
                0x0000000000004506                notify_usb_device_state_change_user
 .text.notify_usb_device_state_change_kb
                0x0000000000004508        0x6 .build/obj_my65_default/protocol/usb_device_state.o
                0x0000000000004508                notify_usb_device_state_change_kb
 .text.usb_device_state_set_configuration
                0x000000000000450e       0x14 .build/obj_my65_default/protocol/usb_device_state.o
                0x000000000000450e                usb_device_state_set_configuration
 .text.usb_device_state_set_suspend
                0x0000000000004522        0xc .build/obj_my65_default/protocol/usb_device_state.o
                0x0000000000004522                usb_device_state_set_suspend
 .text.usb_device_state_set_resume
                0x000000000000452e        0x6 .build/obj_my65_default/protocol/usb_device_state.o
                0x000000000000452e                usb_device_state_set_resume
 .text.usb_device_state_set_reset
                0x0000000000004534        0xc .build/obj_my65_default/protocol/usb_device_state.o
                0x0000000000004534                usb_device_state_set_reset
 .text.usb_device_state_init
                0x0000000000004540        0x6 .build/obj_my65_default/protocol/usb_device_state.o
                0x0000000000004540                usb_device_state_init
 .text.suspend_wakeup_init_user
                0x0000000000004546        0x2 .build/obj_my65_default/platforms/suspend.o
                0x0000000000004546                suspend_wakeup_init_user
 .text.suspend_power_down_user
                0x0000000000004548        0x2 .build/obj_my65_default/platforms/suspend.o
                0x0000000000004548                suspend_power_down_user
 .text.suspend_power_down_kb
                0x000000000000454a        0x6 .build/obj_my65_default/platforms/suspend.o
                0x000000000000454a                suspend_power_down_kb
 .text.matrix_power_up
                0x0000000000004550        0x2 .build/obj_my65_default/platforms/suspend.o
                0x0000000000004550                matrix_power_up
 .text.matrix_power_down
                0x0000000000004552        0x2 .build/obj_my65_default/platforms/suspend.o
                0x0000000000004552                matrix_power_down
 .text.suspend_wakeup_init_kb
                0x0000000000004554        0x6 .build/obj_my65_default/platforms/suspend.o
                0x0000000000004554                suspend_wakeup_init_kb
 .text.suspend_wakeup_condition
                0x000000000000455a       0x2a .build/obj_my65_default/platforms/suspend.o
                0x000000000000455a                suspend_wakeup_condition
 .text.platform_setup
                0x0000000000004584        0xe .build/obj_my65_default/platforms/avr/platform.o
                0x0000000000004584                platform_setup
 .text.__vector_12
                0x0000000000004592       0x4e .build/obj_my65_default/platforms/avr/suspend.o
                0x0000000000004592                __vector_12
 .text.suspend_power_down
                0x00000000000045e0       0x56 .build/obj_my65_default/platforms/avr/suspend.o
                0x00000000000045e0                suspend_power_down
 .text.suspend_wakeup_init
                0x0000000000004636        0xa .build/obj_my65_default/platforms/avr/suspend.o
                0x0000000000004636                suspend_wakeup_init
 .text.timer_init
                0x0000000000004640       0x12 .build/obj_my65_default/platforms/avr/timer.o
                0x0000000000004640                timer_init
 .text.timer_read
                0x0000000000004652       0x18 .build/obj_my65_default/platforms/avr/timer.o
                0x0000000000004652                timer_read
 .text.timer_read32
                0x000000000000466a       0x18 .build/obj_my65_default/platforms/avr/timer.o
                0x000000000000466a                timer_read32
 .text.timer_elapsed
                0x0000000000004682       0x1e .build/obj_my65_default/platforms/avr/timer.o
                0x0000000000004682                timer_elapsed
 .text.__vector_21
                0x00000000000046a0       0x48 .build/obj_my65_default/platforms/avr/timer.o
                0x00000000000046a0                __vector_21
 .text.bootloader_jump
                0x00000000000046e8       0x48 .build/obj_my65_default/platforms/avr/bootloaders/dfu.o
                0x00000000000046e8                bootloader_jump
 .text.mcu_reset
                0x0000000000004730       0x16 .build/obj_my65_default/platforms/avr/bootloaders/dfu.o
                0x0000000000004730                mcu_reset
 .text.keyboard_leds
                0x0000000000004746        0x6 .build/obj_my65_default/lufa.o
 .text.send_programmable_button
                0x000000000000474c        0x2 .build/obj_my65_default/lufa.o
 .text.send_mouse
                0x000000000000474e       0x42 .build/obj_my65_default/lufa.o
 .text.send_keyboard
                0x0000000000004790       0x5a .build/obj_my65_default/lufa.o
 .text.send_extra
                0x00000000000047ea       0x54 .build/obj_my65_default/lufa.o
 .text.send_consumer
                0x000000000000483e        0xa .build/obj_my65_default/lufa.o
 .text.send_system
                0x0000000000004848        0xa .build/obj_my65_default/lufa.o
 .text.raw_hid_send
                0x0000000000004852       0x54 .build/obj_my65_default/lufa.o
                0x0000000000004852                raw_hid_send
 .text.EVENT_USB_Device_Connect
                0x00000000000048a6       0x24 .build/obj_my65_default/lufa.o
                0x00000000000048a6                EVENT_USB_Device_Connect
 .text.EVENT_USB_Device_Disconnect
                0x00000000000048ca        0xe .build/obj_my65_default/lufa.o
                0x00000000000048ca                EVENT_USB_Device_Disconnect
 .text.EVENT_USB_Device_Reset
                0x00000000000048d8        0xe .build/obj_my65_default/lufa.o
                0x00000000000048d8                EVENT_USB_Device_Reset
 .text.EVENT_USB_Device_Suspend
                0x00000000000048e6       0x1a .build/obj_my65_default/lufa.o
                0x00000000000048e6                EVENT_USB_Device_Suspend
 .text.EVENT_USB_Device_WakeUp
                0x0000000000004900       0x1e .build/obj_my65_default/lufa.o
                0x0000000000004900                EVENT_USB_Device_WakeUp
 .text.EVENT_USB_Device_StartOfFrame
                0x000000000000491e       0x82 .build/obj_my65_default/lufa.o
                0x000000000000491e                EVENT_USB_Device_StartOfFrame
 .text.EVENT_USB_Device_ConfigurationChanged
                0x00000000000049a0       0x48 .build/obj_my65_default/lufa.o
                0x00000000000049a0                EVENT_USB_Device_ConfigurationChanged
 .text.EVENT_USB_Device_ControlRequest
                0x00000000000049e8      0x178 .build/obj_my65_default/lufa.o
                0x00000000000049e8                EVENT_USB_Device_ControlRequest
 .text.sendchar
                0x0000000000004b60       0xc4 .build/obj_my65_default/lufa.o
                0x0000000000004b60                sendchar
 .text.protocol_setup
                0x0000000000004c24       0x34 .build/obj_my65_default/lufa.o
                0x0000000000004c24                protocol_setup
 .text.protocol_pre_init
                0x0000000000004c58       0x1a .build/obj_my65_default/lufa.o
                0x0000000000004c58                protocol_pre_init
 .text.protocol_post_init
                0x0000000000004c72        0xa .build/obj_my65_default/lufa.o
                0x0000000000004c72                protocol_post_init
 .text.protocol_pre_task
                0x0000000000004c7c       0x3c .build/obj_my65_default/lufa.o
                0x0000000000004c7c                protocol_pre_task
 .text.protocol_post_task
                0x0000000000004cb8       0x5e .build/obj_my65_default/lufa.o
                0x0000000000004cb8                protocol_post_task
 .text.CALLBACK_USB_GetDescriptor
                0x0000000000004d16        0x6 .build/obj_my65_default/lufa.o
                0x0000000000004d16                CALLBACK_USB_GetDescriptor
 .text.get_usb_descriptor
                0x0000000000004d1c       0xae .build/obj_my65_default/usb_descriptor.o
                0x0000000000004d1c                get_usb_descriptor
 .text.USB_Device_SendRemoteWakeup
                0x0000000000004dca       0x2c .build/obj_my65_default/lib/lufa/LUFA/Drivers/USB/Core/AVR8/Device_AVR8.o
                0x0000000000004dca                USB_Device_SendRemoteWakeup
 .text.Endpoint_Write_Stream_LE
                0x0000000000004df6       0x9e .build/obj_my65_default/lib/lufa/LUFA/Drivers/USB/Core/AVR8/EndpointStream_AVR8.o
                0x0000000000004df6                Endpoint_Write_Stream_LE
 .text.Endpoint_Read_Stream_LE
                0x0000000000004e94       0x9e .build/obj_my65_default/lib/lufa/LUFA/Drivers/USB/Core/AVR8/EndpointStream_AVR8.o
                0x0000000000004e94                Endpoint_Read_Stream_LE
 .text.Endpoint_Write_Control_Stream_LE
                0x0000000000004f32       0xbc .build/obj_my65_default/lib/lufa/LUFA/Drivers/USB/Core/AVR8/EndpointStream_AVR8.o
                0x0000000000004f32                Endpoint_Write_Control_Stream_LE
 .text.Endpoint_Write_Control_PStream_LE
                0x0000000000004fee       0xbe .build/obj_my65_default/lib/lufa/LUFA/Drivers/USB/Core/AVR8/EndpointStream_AVR8.o
                0x0000000000004fee                Endpoint_Write_Control_PStream_LE
 .text.Endpoint_ConfigureEndpoint_Prv
                0x00000000000050ac       0x68 .build/obj_my65_default/lib/lufa/LUFA/Drivers/USB/Core/AVR8/Endpoint_AVR8.o
                0x00000000000050ac                Endpoint_ConfigureEndpoint_Prv
 .text.Endpoint_ClearStatusStage
                0x0000000000005114       0x3e .build/obj_my65_default/lib/lufa/LUFA/Drivers/USB/Core/AVR8/Endpoint_AVR8.o
                0x0000000000005114                Endpoint_ClearStatusStage
 .text.Endpoint_WaitUntilReady
                0x0000000000005152       0x62 .build/obj_my65_default/lib/lufa/LUFA/Drivers/USB/Core/AVR8/Endpoint_AVR8.o
                0x0000000000005152                Endpoint_WaitUntilReady
 .text.USB_Disable
                0x00000000000051b4       0x34 .build/obj_my65_default/lib/lufa/LUFA/Drivers/USB/Core/AVR8/USBController_AVR8.o
                0x00000000000051b4                USB_Disable
 .text.USB_ResetInterface
                0x00000000000051e8       0x86 .build/obj_my65_default/lib/lufa/LUFA/Drivers/USB/Core/AVR8/USBController_AVR8.o
                0x00000000000051e8                USB_ResetInterface
 .text.USB_Init
                0x000000000000526e       0x24 .build/obj_my65_default/lib/lufa/LUFA/Drivers/USB/Core/AVR8/USBController_AVR8.o
                0x000000000000526e                USB_Init
 .text.USB_INT_DisableAllInterrupts
                0x0000000000005292       0x10 .build/obj_my65_default/lib/lufa/LUFA/Drivers/USB/Core/AVR8/USBInterrupt_AVR8.o
                0x0000000000005292                USB_INT_DisableAllInterrupts
 .text.USB_INT_ClearAllInterrupts
                0x00000000000052a2        0xa .build/obj_my65_default/lib/lufa/LUFA/Drivers/USB/Core/AVR8/USBInterrupt_AVR8.o
                0x00000000000052a2                USB_INT_ClearAllInterrupts
 .text.__vector_10
                0x00000000000052ac      0x1a8 .build/obj_my65_default/lib/lufa/LUFA/Drivers/USB/Core/AVR8/USBInterrupt_AVR8.o
                0x00000000000052ac                __vector_10
 .text.__vector_11
                0x0000000000005454       0x88 .build/obj_my65_default/lib/lufa/LUFA/Drivers/USB/Core/AVR8/USBInterrupt_AVR8.o
                0x0000000000005454                __vector_11
 .text.USB_Device_ProcessControlRequest
                0x00000000000054dc      0x28e .build/obj_my65_default/lib/lufa/LUFA/Drivers/USB/Core/DeviceStandardReq.o
                0x00000000000054dc                USB_Device_ProcessControlRequest
 .text.USB_USBTask
                0x000000000000576a       0x36 .build/obj_my65_default/lib/lufa/LUFA/Drivers/USB/Core/USBTask.o
                0x000000000000576a                USB_USBTask
 .text.libgcc.div
                0x00000000000057a0       0x18 c:/qmk_msys/mingw64/bin/../lib/gcc/avr/8.5.0/avr5\libgcc.a(_udivmodqi4.o)
                0x00000000000057a0                __udivmodqi4
 .text.libgcc.div
                0x00000000000057b8       0x28 c:/qmk_msys/mingw64/bin/../lib/gcc/avr/8.5.0/avr5\libgcc.a(_divmodhi4.o)
                0x00000000000057b8                _div
                0x00000000000057b8                __divmodhi4
 .text.libgcc   0x00000000000057e0        0xc c:/qmk_msys/mingw64/bin/../lib/gcc/avr/8.5.0/avr5\libgcc.a(_tablejump2.o)
                0x00000000000057e0                __tablejump2__
 .text.libgcc.builtins
                0x00000000000057ec        0xe c:/qmk_msys/mingw64/bin/../lib/gcc/avr/8.5.0/avr5\libgcc.a(_bswapsi2.o)
                0x00000000000057ec                __bswapsi2
 .text.libgcc.prologue
                0x00000000000057fa       0x38 c:/qmk_msys/mingw64/bin/../lib/gcc/avr/8.5.0/avr5\libgcc.a(_prologue.o)
                0x00000000000057fa                __prologue_saves__
 .text.libgcc.prologue
                0x0000000000005832       0x36 c:/qmk_msys/mingw64/bin/../lib/gcc/avr/8.5.0/avr5\libgcc.a(_epilogue.o)
                0x0000000000005832                __epilogue_restores__
 .text.libgcc.div
                0x0000000000005868       0x28 c:/qmk_msys/mingw64/bin/../lib/gcc/avr/8.5.0/avr5\libgcc.a(_udivmodhi4.o)
                0x0000000000005868                __udivmodhi4
 .text.avr-libc
                0x0000000000005890       0x1a c:/qmk_msys/mingw64/bin/../lib/gcc/avr/8.5.0/../../../../avr/lib/avr5\libc.a(memcmp.o)
                0x0000000000005890                memcmp
 .text.avr-libc
                0x00000000000058aa       0x12 c:/qmk_msys/mingw64/bin/../lib/gcc/avr/8.5.0/../../../../avr/lib/avr5\libc.a(memcpy.o)
                0x00000000000058aa                memcpy
 .text.avr-libc
                0x00000000000058bc       0x10 c:/qmk_msys/mingw64/bin/../lib/gcc/avr/8.5.0/../../../../avr/lib/avr5\libatmega32u4.a(eerd_byte.o)
                0x00000000000058bc                eeprom_read_byte
 .text.avr-libc
                0x00000000000058cc        0xc c:/qmk_msys/mingw64/bin/../lib/gcc/avr/8.5.0/../../../../avr/lib/avr5\libatmega32u4.a(eerd_word.o)
                0x00000000000058cc                eeprom_read_word
 .text.avr-libc
                0x00000000000058d8       0x24 c:/qmk_msys/mingw64/bin/../lib/gcc/avr/8.5.0/../../../../avr/lib/avr5\libatmega32u4.a(eeupd_byte.o)
                0x00000000000058d8                eeprom_update_byte
                0x00000000000058da                eeprom_update_r18
 .text.avr-libc
                0x00000000000058fc       0x18 c:/qmk_msys/mingw64/bin/../lib/gcc/avr/8.5.0/../../../../avr/lib/avr5\libatmega32u4.a(eeupd_dword.o)
                0x00000000000058fc                eeprom_update_float
                0x00000000000058fc                eeprom_update_dword
 .text.avr-libc
                0x0000000000005914        0xc c:/qmk_msys/mingw64/bin/../lib/gcc/avr/8.5.0/../../../../avr/lib/avr5\libatmega32u4.a(eeupd_word.o)
                0x0000000000005914                eeprom_update_word
 .text.avr-libc
                0x0000000000005920       0x20 c:/qmk_msys/mingw64/bin/../lib/gcc/avr/8.5.0/../../../../avr/lib/avr5\libatmega32u4.a(eerd_block.o)
                0x0000000000005920                eeprom_read_block
                0x0000000000005924                eeprom_read_blraw
                0x0000000000005940                . = ALIGN (0x2)
 *(.fini9)
 .fini9         0x0000000000005940        0x0 c:/qmk_msys/mingw64/bin/../lib/gcc/avr/8.5.0/avr5\libgcc.a(_exit.o)
                0x0000000000005940                _exit
                0x0000000000005940                exit
 *(.fini9)
 *(.fini8)
 *(.fini8)
 *(.fini7)
 *(.fini7)
 *(.fini6)
 *(.fini6)
 *(.fini5)
 *(.fini5)
 *(.fini4)
 *(.fini4)
 *(.fini3)
 *(.fini3)
 *(.fini2)
 *(.fini2)
 *(.fini1)
 *(.fini1)
 *(.fini0)
 .fini0         0x0000000000005940        0x4 c:/qmk_msys/mingw64/bin/../lib/gcc/avr/8.5.0/avr5\libgcc.a(_exit.o)
 *(.fini0)
 *(.hightext)
 *(.hightext*)
 *(.progmemx.*)
                0x0000000000005944                . = ALIGN (0x2)
 *(.jumptables)
 *(.jumptables*)
 .jumptables.gcc.process_action
                0x0000000000005944       0x18 .build/obj_my65_default/quantum/action.o
 .jumptables.gcc.raw_hid_receive
                0x000000000000595c       0x26 .build/obj_my65_default/quantum/via.o
 .jumptables.gcc.USB_Device_ProcessControlRequest
                0x0000000000005982       0x14 .build/obj_my65_default/lib/lufa/LUFA/Drivers/USB/Core/DeviceStandardReq.o
                0x0000000000005996                _etext = .

.data           0x0000000000800100      0x1b4 load address 0x0000000000005996
                0x0000000000800100                PROVIDE (__data_start = .)
 *(.data)
 *(.data*)
 .data.keyboard_report
                0x0000000000800100        0x2 .build/obj_my65_default/quantum/action_util.o
                0x0000000000800100                keyboard_report
 .data.mk_wheel_time_to_max
                0x0000000000800102        0x1 .build/obj_my65_default/quantum/mousekey.o
                0x0000000000800102                mk_wheel_time_to_max
 .data.mk_wheel_max_speed
                0x0000000000800103        0x1 .build/obj_my65_default/quantum/mousekey.o
                0x0000000000800103                mk_wheel_max_speed
 .data.mk_wheel_interval
                0x0000000000800104        0x1 .build/obj_my65_default/quantum/mousekey.o
                0x0000000000800104                mk_wheel_interval
 .data.mk_wheel_delay
                0x0000000000800105        0x1 .build/obj_my65_default/quantum/mousekey.o
                0x0000000000800105                mk_wheel_delay
 .data.mk_time_to_max
                0x0000000000800106        0x1 .build/obj_my65_default/quantum/mousekey.o
                0x0000000000800106                mk_time_to_max
 .data.mk_max_speed
                0x0000000000800107        0x1 .build/obj_my65_default/quantum/mousekey.o
                0x0000000000800107                mk_max_speed
 .data.mk_interval
                0x0000000000800108        0x1 .build/obj_my65_default/quantum/mousekey.o
                0x0000000000800108                mk_interval
 .data.mk_delay
                0x0000000000800109        0x1 .build/obj_my65_default/quantum/mousekey.o
                0x0000000000800109                mk_delay
 .data.lufa_driver
                0x000000000080010a        0xc .build/obj_my65_default/lufa.o
                0x000000000080010a                lufa_driver
 .data.keyboard_protocol
                0x0000000000800116        0x1 .build/obj_my65_default/lufa.o
                0x0000000000800116                keyboard_protocol
 *(.gnu.linkonce.d*)
 *(.rodata)
 *(.rodata*)
 .rodata.CSWTCH.12
                0x0000000000800117       0x2e .build/obj_my65_default/quantum/action.o
 .rodata.CSWTCH.11
                0x0000000000800145        0x3 .build/obj_my65_default/quantum/action.o
 .rodata.CSWTCH.1
                0x0000000000800148       0x2e .build/obj_my65_default/quantum/keymap_common.o
 .rodata.CSWTCH.0
                0x0000000000800176        0x3 .build/obj_my65_default/quantum/keymap_common.o
 .rodata.col_pins
                0x0000000000800179       0x10 .build/obj_my65_default/quantum/matrix.o
 .rodata.row_pins
                0x0000000000800189        0x6 .build/obj_my65_default/quantum/matrix.o
 .rodata.mousekey_console.str1.1
                0x000000000080018f       0x5d .build/obj_my65_default/quantum/command.o
 .rodata.command_common.str1.1
                0x00000000008001ec       0xb4 .build/obj_my65_default/quantum/command.o
 .rodata.CSWTCH.2
                0x00000000008002a0        0x4 .build/obj_my65_default/usb_descriptor.o
 .rodata.CSWTCH.1
                0x00000000008002a4        0x8 .build/obj_my65_default/usb_descriptor.o
 .rodata.CSWTCH.0
                0x00000000008002ac        0x8 .build/obj_my65_default/usb_descriptor.o
 *(.gnu.linkonce.r*)
                0x00000000008002b4                . = ALIGN (0x2)
                0x00000000008002b4                _edata = .
                0x00000000008002b4                PROVIDE (__data_end = .)

.bss            0x00000000008002b4       0xee
                0x00000000008002b4                PROVIDE (__bss_start = .)
 *(.bss)
 .bss           0x00000000008002b4        0x2 .build/obj_my65_default/platforms/avr/xprintf.o
                0x00000000008002b4                xfunc_out
 *(.bss*)
 .bss.last_led_status.2270
                0x00000000008002b6        0x1 .build/obj_my65_default/quantum/led.o
 .bss.last_led_modification_time
                0x00000000008002b7        0x4 .build/obj_my65_default/quantum/led.o
 .bss.disable_action_cache
                0x00000000008002bb        0x1 .build/obj_my65_default/quantum/action.o
                0x00000000008002bb                disable_action_cache
 .bss.source_layers_cache
                0x00000000008002bc       0x24 .build/obj_my65_default/quantum/action_layer.o
                0x00000000008002bc                source_layers_cache
 .bss.layer_state
                0x00000000008002e0        0x1 .build/obj_my65_default/quantum/action_layer.o
                0x00000000008002e0                layer_state
 .bss.default_layer_state
                0x00000000008002e1        0x1 .build/obj_my65_default/quantum/action_layer.o
                0x00000000008002e1                default_layer_state
 .bss.waiting_buffer_tail
                0x00000000008002e2        0x1 .build/obj_my65_default/quantum/action_tapping.o
 .bss.waiting_buffer_head
                0x00000000008002e3        0x1 .build/obj_my65_default/quantum/action_tapping.o
 .bss.waiting_buffer
                0x00000000008002e4       0x30 .build/obj_my65_default/quantum/action_tapping.o
 .bss.tapping_key
                0x0000000000800314        0x6 .build/obj_my65_default/quantum/action_tapping.o
 .bss.last_report.2883
                0x000000000080031a        0x8 .build/obj_my65_default/quantum/action_util.o
 .bss.oneshot_layer_data
                0x0000000000800322        0x1 .build/obj_my65_default/quantum/action_util.o
 .bss.oneshot_mods
                0x0000000000800323        0x1 .build/obj_my65_default/quantum/action_util.o
 .bss.__compound_literal.0
                0x0000000000800324        0x8 .build/obj_my65_default/quantum/action_util.o
 .bss.weak_mods
                0x000000000080032c        0x1 .build/obj_my65_default/quantum/action_util.o
 .bss.real_mods
                0x000000000080032d        0x1 .build/obj_my65_default/quantum/action_util.o
 .bss.last_tick.4100
                0x000000000080032e        0x2 .build/obj_my65_default/quantum/keyboard.o
 .bss.matrix_previous.4107
                0x0000000000800330        0xc .build/obj_my65_default/quantum/keyboard.o
 .bss.last_matrix_modification_time
                0x000000000080033c        0x4 .build/obj_my65_default/quantum/keyboard.o
 .bss.last_input_modification_time
                0x0000000000800340        0x4 .build/obj_my65_default/quantum/keyboard.o
 .bss.debug_config
                0x0000000000800344        0x1 .build/obj_my65_default/quantum/logging/debug.o
                0x0000000000800344                debug_config
 .bss.debouncing_time
                0x0000000000800345        0x2 .build/obj_my65_default/quantum/debounce/sym_defer_g.o
 .bss.debouncing
                0x0000000000800347        0x1 .build/obj_my65_default/quantum/debounce/sym_defer_g.o
 .bss.last_timer_w
                0x0000000000800348        0x2 .build/obj_my65_default/quantum/mousekey.o
 .bss.last_timer_c
                0x000000000080034a        0x2 .build/obj_my65_default/quantum/mousekey.o
 .bss.mousekey_wheel_repeat
                0x000000000080034c        0x1 .build/obj_my65_default/quantum/mousekey.o
 .bss.mousekey_repeat
                0x000000000080034d        0x1 .build/obj_my65_default/quantum/mousekey.o
 .bss.mousekey_accel
                0x000000000080034e        0x1 .build/obj_my65_default/quantum/mousekey.o
 .bss.mouse_report
                0x000000000080034f        0x6 .build/obj_my65_default/quantum/mousekey.o
 .bss.desc.4161
                0x0000000000800355        0x2 .build/obj_my65_default/quantum/command.o
 .bss.pp.4160   0x0000000000800357        0x2 .build/obj_my65_default/quantum/command.o
 .bss.param.4159
                0x0000000000800359        0x1 .build/obj_my65_default/quantum/command.o
 .bss.command_state
                0x000000000080035a        0x1 .build/obj_my65_default/quantum/command.o
                0x000000000080035a                command_state
 .bss.grave_esc_was_shifted
                0x000000000080035b        0x1 .build/obj_my65_default/quantum/process_keycode/process_grave_esc.o
 .bss.sc_timer  0x000000000080035c        0x2 .build/obj_my65_default/quantum/process_keycode/process_space_cadet.o
 .bss.sc_last   0x000000000080035e        0x1 .build/obj_my65_default/quantum/process_keycode/process_space_cadet.o
 .bss.last_consumer_report
                0x000000000080035f        0x2 .build/obj_my65_default/protocol/host.o
 .bss.last_system_report
                0x0000000000800361        0x2 .build/obj_my65_default/protocol/host.o
 .bss.driver    0x0000000000800363        0x2 .build/obj_my65_default/protocol/host.o
 .bss.usb_device_state
                0x0000000000800365        0x1 .build/obj_my65_default/protocol/usb_device_state.o
                0x0000000000800365                usb_device_state
 .bss.wdt_timeout
                0x0000000000800366        0x1 .build/obj_my65_default/platforms/avr/suspend.o
 .bss.timed_out.6716
                0x0000000000800367        0x1 .build/obj_my65_default/lufa.o
 .bss.count.6639
                0x0000000000800368        0x1 .build/obj_my65_default/lufa.o
 .bss.r.6702    0x0000000000800369        0x3 .build/obj_my65_default/lufa.o
 .bss.console_flush
                0x000000000080036c        0x1 .build/obj_my65_default/lufa.o
 .bss.keyboard_report_sent
                0x000000000080036d        0x8 .build/obj_my65_default/lufa.o
 .bss.keyboard_led_state
                0x0000000000800375        0x1 .build/obj_my65_default/lufa.o
 .bss.keyboard_idle
                0x0000000000800376        0x1 .build/obj_my65_default/lufa.o
                0x0000000000800376                keyboard_idle
 *(COMMON)
 COMMON         0x0000000000800377        0x2 .build/obj_my65_default/quantum/bootmagic/magic.o
                0x0000000000800377                keymap_config
 COMMON         0x0000000000800379       0x18 .build/obj_my65_default/quantum/matrix_common.o
                0x0000000000800379                raw_matrix
                0x0000000000800385                matrix
 COMMON         0x0000000000800391        0x4 .build/obj_my65_default/platforms/avr/timer.o
                0x0000000000800391                timer_count
 COMMON         0x0000000000800395        0x3 .build/obj_my65_default/lib/lufa/LUFA/Drivers/USB/Core/DeviceStandardReq.o
                0x0000000000800395                USB_Device_ConfigurationNumber
                0x0000000000800396                USB_Device_CurrentlySelfPowered
                0x0000000000800397                USB_Device_RemoteWakeupEnabled
 COMMON         0x0000000000800398        0xa .build/obj_my65_default/lib/lufa/LUFA/Drivers/USB/Core/USBTask.o
                0x0000000000800398                USB_IsInitialized
                0x0000000000800399                USB_DeviceState
                0x000000000080039a                USB_ControlRequest
                0x00000000008003a2                PROVIDE (__bss_end = .)
                0x0000000000005996                __data_load_start = LOADADDR (.data)
                0x0000000000005b4a                __data_load_end = (__data_load_start + SIZEOF (.data))

.noinit         0x00000000008003a2        0x4
                [!provide]                        PROVIDE (__noinit_start = .)
 *(.noinit .noinit.* .gnu.linkonce.n.*)
 .noinit        0x00000000008003a2        0x4 .build/obj_my65_default/platforms/avr/bootloaders/dfu.o
                0x00000000008003a2                reset_key
                [!provide]                        PROVIDE (__noinit_end = .)
                0x00000000008003a6                _end = .
                [!provide]                        PROVIDE (__heap_start = .)

.eeprom         0x0000000000810000        0x0
 *(.eeprom*)
                0x0000000000810000                __eeprom_end = .

.fuse
 *(.fuse)
 *(.lfuse)
 *(.hfuse)
 *(.efuse)

.lock
 *(.lock*)

.signature
 *(.signature*)

.stab
 *(.stab)

.stabstr
 *(.stabstr)

.stab.excl
 *(.stab.excl)

.stab.exclstr
 *(.stab.exclstr)

.stab.index
 *(.stab.index)

.stab.indexstr
 *(.stab.indexstr)

.comment        0x0000000000000000       0x11
 *(.comment)
 .comment       0x0000000000000000       0x11 .build/obj_my65_default/quantum/keymap_introspection.o
                                         0x12 (size before relaxing)
 .comment       0x0000000000000011       0x12 .build/obj_my65_default/quantum/quantum.o
 .comment       0x0000000000000011       0x12 .build/obj_my65_default/quantum/bitwise.o
 .comment       0x0000000000000011       0x12 .build/obj_my65_default/quantum/led.o
 .comment       0x0000000000000011       0x12 .build/obj_my65_default/quantum/action.o
 .comment       0x0000000000000011       0x12 .build/obj_my65_default/quantum/action_layer.o
 .comment       0x0000000000000011       0x12 .build/obj_my65_default/quantum/action_tapping.o
 .comment       0x0000000000000011       0x12 .build/obj_my65_default/quantum/action_util.o
 .comment       0x0000000000000011       0x12 .build/obj_my65_default/quantum/eeconfig.o
 .comment       0x0000000000000011       0x12 .build/obj_my65_default/quantum/keyboard.o
 .comment       0x0000000000000011       0x12 .build/obj_my65_default/quantum/keymap_common.o
 .comment       0x0000000000000011       0x12 .build/obj_my65_default/quantum/keycode_config.o
 .comment       0x0000000000000011       0x12 .build/obj_my65_default/quantum/logging/debug.o
 .comment       0x0000000000000011       0x12 .build/obj_my65_default/quantum/bootmagic/bootmagic_lite.o
 .comment       0x0000000000000011       0x12 .build/obj_my65_default/quantum/bootmagic/magic.o
 .comment       0x0000000000000011       0x12 .build/obj_my65_default/quantum/matrix_common.o
 .comment       0x0000000000000011       0x12 .build/obj_my65_default/quantum/matrix.o
 .comment       0x0000000000000011       0x12 .build/obj_my65_default/quantum/debounce/sym_defer_g.o
 .comment       0x0000000000000011       0x12 .build/obj_my65_default/quantum/main.o
 .comment       0x0000000000000011       0x12 .build/obj_my65_default/quantum/mousekey.o
 .comment       0x0000000000000011       0x12 .build/obj_my65_default/quantum/via.o
 .comment       0x0000000000000011       0x12 .build/obj_my65_default/quantum/process_keycode/process_magic.o
 .comment       0x0000000000000011       0x12 .build/obj_my65_default/quantum/send_string/send_string.o
 .comment       0x0000000000000011       0x12 .build/obj_my65_default/quantum/command.o